
── Verifying that HEAD compiles (protoblast, emberglyph, hawkeye, janeway, zenit, plumage, textum, zenit-microcopy, zenit-oidc, zenit-forms, zenit-widget, zenit-media, zenit-a2ui, zenit-flow, zenit-cms, zenit-pages, zenit-auth, zenit-ai, zenit-comms, zenit-auth-test-support, duiventil, orcono/mvp-v01, proteus, herald, quirkyquarters, spamservice, thoth, hohenheim) ──
  ok  protoblast: HEAD 2791d27 compiles (assemble testClasses browserTestClasses, 27s)
  ok  emberglyph: HEAD 4994deb compiles (assemble testClasses, 9s)
  ok  hawkeye: HEAD d7bbbf5e compiles (assemble testClasses browserTestClasses, 41s)
  ok  janeway: HEAD fd170c9 compiles (assemble testClasses, 7s)
  ok  zenit: HEAD 61c5590 compiles (assemble testClasses browserTestClasses, 56s)
  ok  plumage: HEAD d78ebb7 compiles (assemble testClasses browserTestClasses, 70s)
  ok  textum: HEAD 2cddd9b compiles (assemble testClasses browserTestClasses, 14s)
  ok  zenit-microcopy: HEAD 419e489 compiles (assemble testClasses, 27s)
  ok  zenit-oidc: HEAD fd14805 compiles (assemble testClasses, 26s)
  ok  zenit-forms: HEAD 9225953 compiles (assemble testClasses, 40s)
  ok  zenit-widget: HEAD 99a7961 compiles (assemble testClasses, 31s)
  ok  zenit-media: HEAD 086f2ba compiles (assemble testClasses browserTestClasses, 41s)
  ok  zenit-a2ui: HEAD 9be0592 compiles (assemble testClasses, 20s)
  ok  zenit-flow: HEAD f458b2c compiles (assemble testClasses browserTestClasses, 52s)
  ok  zenit-cms: HEAD 86413d2 compiles (assemble testClasses browserTestClasses, 56s)
  ok  zenit-pages: HEAD a0f2181 compiles (assemble testClasses, 26s)
  ok  zenit-auth: HEAD 9022082 compiles (assemble testClasses browserTestClasses, 38s)
  ok  zenit-ai: HEAD f2e4c07 compiles (assemble testClasses, 25s)
  ok  zenit-comms: HEAD 22f0bbe compiles (assemble testClasses, 29s)
  ok  zenit-auth-test-support: not a git repository
  ok  duiventil: HEAD 9ee22a7 compiles (assemble testClasses, 9s)
  ok  orcono/mvp-v01: HEAD 56b1ada compiles (assemble testClasses browserTestClasses, 50s)
  ok  proteus: HEAD 57a8a87 compiles (assemble testClasses, 39s)
  ok  herald: HEAD 2b9786d compiles (assemble testClasses, 34s)
  ok  quirkyquarters: HEAD 4041c6e compiles (assemble testClasses browserTestClasses, 106s)
  ok  spamservice: HEAD 8e5f1cd compiles (assemble testClasses, 119s)
  ok  thoth: HEAD 2ee1ee4 compiles (assemble testClasses, 44s)
  ok  hohenheim: HEAD 4a4c745 compiles (assemble testClasses browserTestClasses, 39s)
